// Jest Snapshot v1, https://goo.gl/fbAQLP

exports[`should render ExpenseList with empty message 1`] = `
<div
  className="content-container"
>
  <div
    className="list-header"
  >
    <div
      className="show-for-mobile"
    >
      Expenses
    </div>
    <div
      className="show-for-desktop"
    >
      Expense
    </div>
    <div
      className="show-for-desktop"
    >
      Amount
    </div>
  </div>
  <div
    className="list-body"
  >
    <div
      className="list-item list-item--message"
    >
      <span>
        No expenses
      </span>
    </div>
  </div>
</div>
`;

exports[`should render ExpenseList with expenses 1`] = `
<div
  className="content-container"
>
  <div
    className="list-header"
  >
    <div
      className="show-for-mobile"
    >
      Expenses
    </div>
    <div
      className="show-for-desktop"
    >
      Expense
    </div>
    <div
      className="show-for-desktop"
    >
      Amount
    </div>
  </div>
  <div
    className="list-body"
  >
    <ExpenseListItem
      amount={195}
      category="1"
      createdAt={0}
      description="Gum"
      id="1"
      key="1"
      note=""
      subcategory="1"
    />
    <ExpenseListItem
      amount={109500}
      category="4"
      createdAt={-345600000}
      description="Rent"
      id="2"
      key="2"
      note=""
      subcategory="3"
    />
    <ExpenseListItem
      amount={4500}
      category="4"
      createdAt={345600000}
      description="Credit Card"
      id="3"
      key="3"
      note=""
      subcategory=""
    />
  </div>
</div>
`;
